[2026-08-17 22:20:15] ============================================================
[2026-08-17 22:20:15] 景點營業時間爬蟲啟動
[2026-08-17 22:20:15] Log 檔案: C:\Users\lzh08\OneDrive\桌面\日遊所思夜遊所夢資料集\景點資料庫\景點 - 觀光資訊資料集\crawler_20260817_222015.log
[2026-08-17 22:20:15] ============================================================
[2026-08-17 22:20:15] 載入資料集...
[2026-08-17 22:20:15] 總共還有 6011 個景點需要爬取。
[2026-08-17 22:21:15] [1/6011] 向陽國家森林遊樂區 (Attraction_345040000G_000017)
[2026-08-17 22:21:29]    ❌ 三種策略皆失敗
[2026-08-17 22:21:31] [2/6011] 紅樹林生態教育館 (Attraction_345040000G_120041)
[2026-08-17 22:21:38]    ✅ 成功抓到 7 筆時段
[2026-08-17 22:21:40] [3/6011] 拉拉山生態教育館 (Attraction_345040000G_120043)
[2026-08-17 22:21:52]    (透過策略2成功)
[2026-08-17 22:21:52]    ✅ 成功抓到 7 筆時段
[2026-08-17 22:21:54] [4/6011] 邱良功古厝 (Attraction_371020000A_000376)
[2026-08-17 22:22:02]    ❌ 三種策略皆失敗
[2026-08-17 22:22:04] [5/6011] 陳詩吟洋樓 (Attraction_371020000A_000377)
[2026-08-17 22:22:08]    ✅ 成功抓到 7 筆時段
[2026-08-17 22:22:10] [6/6011] 朱子祠 (Attraction_371020000A_000386)
[2026-08-17 22:22:15]    ✅ 成功抓到 7 筆時段
[2026-08-17 22:22:17] [7/6011] 黃偉墓 (Attraction_371020000A_000387)
[2026-08-17 22:22:29]    ❌ 三種策略皆失敗
[2026-08-17 22:22:31] [8/6011] 黃宣顯六路大厝 (Attraction_371020000A_000388)
[2026-08-17 22:22:37]    ❌ 三種策略皆失敗
[2026-08-17 22:22:39] [9/6011] 莒光樓 (Attraction_371020000A_000389)
[2026-08-17 22:22:43]    ✅ 成功抓到 7 筆時段
[2026-08-17 22:22:45] [10/6011] 奎閣(魁星樓) (Attraction_371020000A_000391)
[2026-08-17 22:22:50]    ✅ 成功抓到 7 筆時段
[2026-08-17 22:22:50]    💾 存檔！已處理 10/6011 | 成功 6 | 失敗 4
[2026-08-17 22:22:50]       資料庫共 87 筆，其中 83 筆有營業時間
[2026-08-17 22:22:50]       速度 6.3 筆/分鐘 | 預估剩餘 951 分鐘
[2026-08-17 22:22:52] [11/6011] 瓊林蔡氏家廟 (Attraction_371020000A_000392)
[2026-08-17 22:22:57]    ✅ 成功抓到 7 筆時段
[2026-08-17 22:22:59] [12/6011] 清金門鎮總兵署 (Attraction_371020000A_000393)
[2026-08-17 22:23:03]    ✅ 成功抓到 7 筆時段
[2026-08-17 22:23:05] [13/6011] 吳秀才厝 (Attraction_371020000A_000394)
[2026-08-17 22:23:12]    ❌ 三種策略皆失敗
[2026-08-17 22:23:14] [14/6011] 慈德宮 (Attraction_371020000A_000395)
[2026-08-17 22:23:21]    (透過策略2成功)
[2026-08-17 22:23:21]    ✅ 成功抓到 7 筆時段
[2026-08-17 22:23:23] [15/6011] 邱良功母節孝坊 (Attraction_371020000A_000397)
[2026-08-17 22:23:28]    ✅ 成功抓到 7 筆時段
[2026-08-17 22:23:30] [16/6011] 將軍第 (Attraction_371020000A_000398)
[2026-08-17 22:23:34]    ✅ 成功抓到 7 筆時段
[2026-08-17 22:23:36] [17/6011] 虛江嘯臥碣群 (Attraction_371020000A_000399)
[2026-08-17 22:23:41]    ✅ 成功抓到 7 筆時段
[2026-08-17 22:23:43] [18/6011] 陳禎恩榮坊 (Attraction_371020000A_000400)
[2026-08-17 22:23:48]    ✅ 成功抓到 7 筆時段
[2026-08-17 22:23:50] [19/6011] 海印寺 (Attraction_371020000A_000401)
[2026-08-17 22:23:57]    (透過策略2成功)
[2026-08-17 22:23:57]    ✅ 成功抓到 7 筆時段
[2026-08-17 22:23:59] [20/6011] 邱良功墓園 (Attraction_371020000A_000402)
[2026-08-17 22:24:03]    ✅ 成功抓到 7 筆時段
[2026-08-17 22:24:03]    💾 存檔！已處理 20/6011 | 成功 15 | 失敗 5
[2026-08-17 22:24:03]       資料庫共 97 筆，其中 92 筆有營業時間
[2026-08-17 22:24:03]       速度 7.1 筆/分鐘 | 預估剩餘 841 分鐘
[2026-08-17 22:24:05] [21/6011] 豐蓮山牧馬侯祠 (Attraction_371020000A_000403)
[2026-08-17 22:24:09]    ✅ 成功抓到 7 筆時段
[2026-08-17 22:24:11] [22/6011] 文臺寶塔 (Attraction_371020000A_000404)
[2026-08-17 22:24:18]    ❌ 三種策略皆失敗
[2026-08-17 22:24:20] [23/6011] 漢影雲根碣 (Attraction_371020000A_000405)
[2026-08-17 22:24:25]    ✅ 成功抓到 7 筆時段
[2026-08-17 22:24:27] [24/6011] 古龍頭水尾塔 (Attraction_371020000A_000406)
[2026-08-17 22:24:31]    ✅ 成功抓到 7 筆時段
[2026-08-17 22:24:33] [25/6011] 瓊林一門三節坊 (Attraction_371020000A_000409)
[2026-08-17 22:24:38]    ✅ 成功抓到 7 筆時段
[2026-08-17 22:24:40] [26/6011] 石門關 (Attraction_371020000A_000410)
[2026-08-17 22:24:52]    (透過策略2成功)
[2026-08-17 22:24:52]    ✅ 成功抓到 7 筆時段
[2026-08-17 22:24:54] [27/6011] 睿友學校 (Attraction_371020000A_000412)
[2026-08-17 22:24:59]    ✅ 成功抓到 7 筆時段
[2026-08-17 22:25:01] [28/6011] 楊華故居 (Attraction_371020000A_000413)
[2026-08-17 22:25:05]    ✅ 成功抓到 7 筆時段
[2026-08-17 22:25:07] [29/6011] 古龍頭振威第 (Attraction_371020000A_000414)
[2026-08-17 22:25:13]    ❌ 三種策略皆失敗
[2026-08-17 22:25:15] [30/6011] 金門縣林務所 (Attraction_371020000A_000420)
[2026-08-17 22:25:22]    (透過策略2成功)
[2026-08-17 22:25:22]    ✅ 成功抓到 7 筆時段
[2026-08-17 22:25:22]    💾 存檔！已處理 30/6011 | 成功 23 | 失敗 7
[2026-08-17 22:25:22]       資料庫共 107 筆，其中 100 筆有營業時間
[2026-08-17 22:25:22]       速度 7.3 筆/分鐘 | 預估剩餘 823 分鐘
[2026-08-17 22:25:24] [31/6011] 貴山海灘 (Attraction_371020000A_000421)
[2026-08-17 22:25:30]    ❌ 三種策略皆失敗
[2026-08-17 22:25:32] [32/6011] 溪邊海水浴場 (Attraction_371020000A_000423)
[2026-08-17 22:25:44]    ❌ 三種策略皆失敗
[2026-08-17 22:25:46] [33/6011] 上林海灘 (Attraction_371020000A_000424)
[2026-08-17 22:25:52]    ❌ 三種策略皆失敗
[2026-08-17 22:25:54] [34/6011] 貓公石濱海休憩區 (Attraction_371020000A_000425)
[2026-08-17 22:26:05]    ❌ 三種策略皆失敗
[2026-08-17 22:26:07] [35/6011] 金門城 (Attraction_371020000A_000429)
[2026-08-17 22:26:15]    (透過策略2成功)
[2026-08-17 22:26:15]    ✅ 成功抓到 7 筆時段
[2026-08-17 22:26:17] [36/6011] 茅山塔 (Attraction_371020000A_000432)
[2026-08-17 22:26:24]    (透過策略2成功)
[2026-08-17 22:26:24]    ✅ 成功抓到 7 筆時段
[2026-08-17 22:26:26] [37/6011] 國姓井 (Attraction_371020000A_000433)
[2026-08-17 22:26:32]    ❌ 三種策略皆失敗
[2026-08-17 22:26:34] [38/6011] 北風爺、風雞 (Attraction_371020000A_000434)
[2026-08-17 22:26:38]    ✅ 成功抓到 7 筆時段
[2026-08-17 22:26:40] [39/6011] 三眼井 (Attraction_371020000A_000435)
[2026-08-17 22:26:45]    ✅ 成功抓到 7 筆時段
[2026-08-17 22:26:47] [40/6011] 吳稚暉紀念公園 (Attraction_371020000A_000437)
[2026-08-17 22:26:58]    (透過策略2成功)
[2026-08-17 22:26:58]    ✅ 成功抓到 7 筆時段
[2026-08-17 22:26:58]    💾 存檔！已處理 40/6011 | 成功 28 | 失敗 12
[2026-08-17 22:26:58]       資料庫共 117 筆，其中 105 筆有營業時間
[2026-08-17 22:26:58]       速度 7.0 筆/分鐘 | 預估剩餘 855 分鐘
[2026-08-17 22:27:00] [41/6011] 金水國小 (Attraction_371020000A_000439)
[2026-08-17 22:27:09]    ✅ 成功抓到 7 筆時段
[2026-08-17 22:27:11] [42/6011] 西園鹽場 (Attraction_371020000A_000442)
[2026-08-17 22:27:16]    ❌ 三種策略皆失敗
[2026-08-17 22:27:18] [43/6011] 金門高中中正堂 (Attraction_371020000A_000446)
[2026-08-17 22:27:23]    ✅ 成功抓到 7 筆時段
[2026-08-17 22:27:25] [44/6011] 東林東井 (Attraction_371020000A_000449)
[2026-08-17 22:27:29]    ✅ 成功抓到 7 筆時段
[2026-08-17 22:27:31] [45/6011] 小西門模範廁 (Attraction_371020000A_000451)
[2026-08-17 22:27:37]    ❌ 三種策略皆失敗
[2026-08-17 22:27:39] [46/6011] 南山林道 (Attraction_371020000A_000453)
[2026-08-17 22:27:46]    (透過策略2成功)
[2026-08-17 22:27:46]    ✅ 成功抓到 7 筆時段
[2026-08-17 22:27:48] [47/6011] 湖下海堤 (Attraction_371020000A_000455)
[2026-08-17 22:27:52]    ✅ 成功抓到 7 筆時段
[2026-08-17 22:27:54] [48/6011] 復國墩觀景台 (Attraction_371020000A_000456)
[2026-08-17 22:27:59]    ✅ 成功抓到 7 筆時段
[2026-08-17 22:28:01] [49/6011] 明遺老街 (Attraction_371020000A_000458)
[2026-08-17 22:28:06]    ✅ 成功抓到 7 筆時段
[2026-08-17 22:28:08] [50/6011] 石兔 (Attraction_371020000A_000460)
[2026-08-17 22:28:15]    ❌ 三種策略皆失敗
[2026-08-17 22:28:15]    💾 存檔！已處理 50/6011 | 成功 35 | 失敗 15
[2026-08-17 22:28:15]       資料庫共 127 筆，其中 112 筆有營業時間
[2026-08-17 22:28:15]       速度 7.1 筆/分鐘 | 預估剩餘 835 分鐘
[2026-08-17 22:28:17] [51/6011] 劉玉章雕像 (Attraction_371020000A_000461)
[2026-08-17 22:28:21]    ✅ 成功抓到 7 筆時段
[2026-08-17 22:28:23] [52/6011] 葉華成故居（葉華成酒史館） (Attraction_371020000A_000463)
[2026-08-17 22:28:28]    ✅ 成功抓到 7 筆時段
[2026-08-17 22:28:30] [53/6011] 玉章路牌坊 (Attraction_371020000A_000464)
[2026-08-17 22:28:35]    ❌ 三種策略皆失敗
[2026-08-17 22:28:37] [54/6011] 斗門古道 (Attraction_371020000A_000467)
[2026-08-17 22:28:41]    ✅ 成功抓到 7 筆時段
[2026-08-17 22:28:43] [55/6011] 欽旌節牌坊 (Attraction_371020000A_000470)
[2026-08-17 22:28:48]    ✅ 成功抓到 7 筆時段
[2026-08-17 22:28:50] [56/6011] 無愧亭 (Attraction_371020000A_000471)
[2026-08-17 22:28:54]    ✅ 成功抓到 7 筆時段
[2026-08-17 22:28:56] [57/6011] 倒影塔 (Attraction_371020000A_000472)
[2026-08-17 22:29:00]    ✅ 成功抓到 7 筆時段
[2026-08-17 22:29:02] [58/6011] 五虎山 (Attraction_371020000A_000473)
[2026-08-17 22:29:07]    ✅ 成功抓到 7 筆時段
[2026-08-17 22:29:09] [59/6011] 料羅海濱公園 (Attraction_371020000A_000478)
[2026-08-17 22:29:13]    ✅ 成功抓到 7 筆時段
[2026-08-17 22:29:15] [60/6011] 金門媽祖公園 (Attraction_371020000A_000479)
[2026-08-17 22:29:20]    ✅ 成功抓到 7 筆時段
[2026-08-17 22:29:20]    💾 存檔！已處理 60/6011 | 成功 44 | 失敗 16
[2026-08-17 22:29:20]       資料庫共 137 筆，其中 121 筆有營業時間
[2026-08-17 22:29:20]       速度 7.4 筆/分鐘 | 預估剩餘 803 分鐘
[2026-08-17 22:29:22] [61/6011] 后湖海濱公園 (Attraction_371020000A_000480)
[2026-08-17 22:29:26]    ✅ 成功抓到 7 筆時段
[2026-08-17 22:29:28] [62/6011] 東林海濱公園 (Attraction_371020000A_000481)
[2026-08-17 22:29:33]    ✅ 成功抓到 7 筆時段
[2026-08-17 22:29:35] [63/6011] 中山紀念林 (Attraction_371020000A_000482)
[2026-08-17 22:29:39]    ✅ 成功抓到 7 筆時段
[2026-08-17 22:29:41] [64/6011] 環保公園低碳教育館 (Attraction_371020000A_000483)
[2026-08-17 22:29:46]    ✅ 成功抓到 7 筆時段
[2026-08-17 22:29:48] [65/6011] 中正公園 (Attraction_371020000A_000484)
[2026-08-17 22:29:54]    ❌ 三種策略皆失敗
[2026-08-17 22:29:56] [66/6011] 金門石雕公園 (Attraction_371020000A_000486)
[2026-08-17 22:30:01]    ✅ 成功抓到 7 筆時段
[2026-08-17 22:30:03] [67/6011] 北堤長頸鹿公園 (Attraction_371020000A_000489)
[2026-08-17 22:30:07]    ✅ 成功抓到 7 筆時段
[2026-08-17 22:30:09] [68/6011] 南石滬公園 (Attraction_371020000A_000490)
[2026-08-17 22:30:14]    ✅ 成功抓到 7 筆時段
[2026-08-17 22:30:16] [69/6011] 鄭成功觀兵奕棋處 (Attraction_371020000A_000491)
[2026-08-17 22:30:21]    ✅ 成功抓到 7 筆時段
[2026-08-17 22:30:23] [70/6011] 梅園 (Attraction_371020000A_000492)
[2026-08-17 22:30:29]    ❌ 三種策略皆失敗
[2026-08-17 22:30:29]    💾 存檔！已處理 70/6011 | 成功 52 | 失敗 18
[2026-08-17 22:30:29]       資料庫共 147 筆，其中 129 筆有營業時間
[2026-08-17 22:30:29]       速度 7.6 筆/分鐘 | 預估剩餘 784 分鐘
[2026-08-17 22:30:31] [71/6011] 頑石點頭勒石群 (Attraction_371020000A_000493)
[2026-08-17 22:30:35]    ✅ 成功抓到 7 筆時段
[2026-08-17 22:30:37] [72/6011] 中正紀念林 (Attraction_371020000A_000495)
[2026-08-17 22:30:42]    ✅ 成功抓到 7 筆時段
[2026-08-17 22:30:44] [73/6011] 古崗樓 (Attraction_371020000A_000496)
[2026-08-17 22:30:48]    ✅ 成功抓到 7 筆時段
[2026-08-17 22:30:50] [74/6011] 榕園 (Attraction_371020000A_000498)
[2026-08-17 22:30:58]    (透過策略2成功)
[2026-08-17 22:30:58]    ✅ 成功抓到 7 筆時段
[2026-08-17 22:31:00] [75/6011] 太武山風景區 (Attraction_371020000A_000499)
[2026-08-17 22:31:10]    ✅ 成功抓到 7 筆時段
[2026-08-17 22:31:12] [76/6011] 楓香林 (Attraction_371020000A_000501)
[2026-08-17 22:31:19]    (透過策略2成功)
[2026-08-17 22:31:19]    ✅ 成功抓到 7 筆時段
[2026-08-17 22:31:21] [77/6011] 榮湖 (Attraction_371020000A_000503)
[2026-08-17 22:31:32]    ❌ 三種策略皆失敗
[2026-08-17 22:31:34] [78/6011] 金沙水庫 (Attraction_371020000A_000504)
[2026-08-17 22:31:40]    ❌ 三種策略皆失敗
[2026-08-17 22:31:42] [79/6011] 陽明湖 (Attraction_371020000A_000505)
[2026-08-17 22:31:53]    ❌ 三種策略皆失敗
[2026-08-17 22:31:55] [80/6011] 蘭湖 (Attraction_371020000A_000506)
[2026-08-17 22:32:01]    ❌ 三種策略皆失敗
[2026-08-17 22:32:01]    💾 存檔！已處理 80/6011 | 成功 58 | 失敗 22
[2026-08-17 22:32:01]       資料庫共 157 筆，其中 135 筆有營業時間
[2026-08-17 22:32:01]       速度 7.4 筆/分鐘 | 預估剩餘 799 分鐘
[2026-08-17 22:32:03] [81/6011] 太湖遊憩區 (Attraction_371020000A_000507)
[2026-08-17 22:32:08]    ✅ 成功抓到 7 筆時段
[2026-08-17 22:32:10] [82/6011] 慈湖 (Attraction_371020000A_000508)
[2026-08-17 22:32:17]    ❌ 三種策略皆失敗
[2026-08-17 22:32:19] [83/6011] 雙鯉湖/雙鯉溼地中心 (Attraction_371020000A_000509)
[2026-08-17 22:32:23]    ✅ 成功抓到 7 筆時段
[2026-08-17 22:32:25] [84/6011] 陵水湖 (Attraction_371020000A_000511)
[2026-08-17 22:32:34]    ✅ 成功抓到 7 筆時段
[2026-08-17 22:32:36] [85/6011] 古崗湖風景區 (Attraction_371020000A_000512)
[2026-08-17 22:32:42]    ❌ 三種策略皆失敗
[2026-08-17 22:32:44] [86/6011] 西湖 (Attraction_371020000A_000513)
[2026-08-17 22:32:52]    (透過策略2成功)
[2026-08-17 22:32:52]    ✅ 成功抓到 7 筆時段
[2026-08-17 22:32:54] [87/6011] 莒光湖 (Attraction_371020000A_000514)
[2026-08-17 22:32:59]    ✅ 成功抓到 7 筆時段
[2026-08-17 22:33:01] [88/6011] 山后民俗文化村 (Attraction_371020000A_000517)
[2026-08-17 22:33:06]    ✅ 成功抓到 7 筆時段
[2026-08-17 22:33:08] [89/6011] 珠山聚落 (Attraction_371020000A_000518)
[2026-08-17 22:33:12]    ✅ 成功抓到 7 筆時段
[2026-08-17 22:33:14] [90/6011] 水頭聚落 (Attraction_371020000A_000520)
[2026-08-17 22:33:19]    ✅ 成功抓到 7 筆時段
[2026-08-17 22:33:19]    💾 存檔！已處理 90/6011 | 成功 66 | 失敗 24
[2026-08-17 22:33:19]       資料庫共 167 筆，其中 143 筆有營業時間
[2026-08-17 22:33:19]       速度 7.5 筆/分鐘 | 預估剩餘 794 分鐘
[2026-08-17 22:33:21] [91/6011] 毋忘在莒 (Attraction_371020000A_000528)
[2026-08-17 22:33:23] 
⏸️ 使用者中斷！已處理 91 筆
[2026-08-17 22:33:23] ============================================================
[2026-08-17 22:33:23] 🎉 執行結束！耗時 12.1 分鐘
[2026-08-17 22:33:23]    本次成功: 66 | 本次失敗: 24
[2026-08-17 22:33:23]    資料庫共 167 筆，其中 143 筆有營業時間
[2026-08-17 22:33:23] 📁 資料匯出: C:\Users\lzh08\OneDrive\桌面\日遊所思夜遊所夢資料集\景點資料庫\景點 - 觀光資訊資料集\資料集\AttractionServiceTimeList_Updated.json
[2026-08-17 22:33:23] 📋 完整 Log: C:\Users\lzh08\OneDrive\桌面\日遊所思夜遊所夢資料集\景點資料庫\景點 - 觀光資訊資料集\crawler_20260817_222015.log
[2026-08-17 22:33:23] ============================================================
